src/contexts/AuthContext.tsx(74,20): error TS2352: Conversion of type '{ avatar_url: string | null; bio: string | null; city: string | null; commission_rate: number | null; country: string | null; country_code: string | null; created_at: string | null; ... 28 more ...; years_of_experience: number | null; }' to type 'Profile' may be a mistake because neither type sufficiently overlaps with the other. If this was intentional, convert the expression to 'unknown' first.
  Property 'specialty' is missing in type '{ avatar_url: string | null; bio: string | null; city: string | null; commission_rate: number | null; country: string | null; country_code: string | null; created_at: string | null; ... 28 more ...; years_of_experience: number | null; }' but required in type 'Profile'.
src/contexts/AuthContext.tsx(203,64): error TS2345: Argument of type 'Partial<Profile>' is not assignable to parameter of type 'RejectExcessProperties<{ avatar_url?: string | null | undefined; bio?: string | null | undefined; city?: string | null | undefined; commission_rate?: number | null | undefined; country?: string | null | undefined; ... 30 more ...; years_of_experience?: number | ... 1 more ... | undefined; }, { ...; }>'.
  Type 'Partial<Profile>' is not assignable to type '{ avatar_url?: string | null | undefined; bio?: string | null | undefined; city?: string | null | undefined; commission_rate?: number | null | undefined; country?: string | null | undefined; ... 30 more ...; years_of_experience?: number | ... 1 more ... | undefined; }'.
    Types of property 'email' are incompatible.
      Type 'string | null | undefined' is not assignable to type 'string | undefined'.
        Type 'null' is not assignable to type 'string | undefined'.
